PASS: readiness status exact SHA; later commit invalidates; concurrent branches no shared file
packager policy ok
packager phases ok
PASS: Packager discovery without Bugbot; gate/head abort; idempotent request policy
PASS: multiple candidates not blocked by serial discover wait
reevaluate clean
PASS: promotion reevaluate does not rebuild; head stable across events
PASS: durable conflict attempts persist and stop at three
PASS: main approval requires both expected SHAs
Preparing worktree (detached HEAD aa10330)
Switched to and reset branch 'issue/unfinished'
PASS: Pull preserves caller checkout; skips frozen; updates unfinished
Preparing worktree (checking out 'issue/dirty')
PASS: cleanup squash/session/promote/dirty safety (dry-run)
PASS: no direct push to staging/main
PASS: activation + mention-only docs + explicit Phase triggers
body preserve ok
PASS: existing PR content survives outside managed section
exact candidate ok
PASS: exact-candidate promote binding + advancement fail-closed
explicit-wake+final-bugbot scenarios ok
PASS: wake path + Bugbot request scenarios
built-in token and no-App credential boundary ok
PASS: Built-in least-privilege token; custom App and PAT automation retired
resolver ok
PASS: trusted event PR/SHA resolver
discovery uses built-in read-only workflow authority
PASS: Discovery uses built-in read-only workflow authority; no App token
sha concurrency + serialized idempotency ok
PASS: uniform SHA concurrency + production-path Bugbot idempotency
resolver matrix rows 15
resolver matrix ok
PASS: actual resolver event matrix (incl. empty PR arrays)
hosted workflows have no App or private-runner authority
PASS: Hosted workflows use least-privilege built-in authority; no custom App
main approve store behavioral ok
PASS: Main Approve store gates/freshness/trust/expiry/schema/reuse
live gh subprocess path ok
PASS: Main Approve live gh checks/reread/variable fail-closed
built-in token identity boundary ok
PASS: Built-in token identity is explicit; retired App identity absent

PASS: behavioral gitops tests (22 groups)
exit:0
