{
  "schemaVersion": 1,
  "kind": "secret-scan-result",
  "scannerPolicyVersion": "secret-scan-policy/v1",
  "candidateTree": "20253f76e6195e897da2e4d54b814cd4c2230ffb",
  "ok": true,
  "findings": [
    {
      "kind": "approved_synthetic_fixture",
      "path": "docs/archive/evidence/wp02/lane-c/proposed/scripts/tests/test-gitops-behavioral.sh",
      "rule": "assignment.secret",
      "line": 554,
      "field": "linktrend_app_token",
      "digest": "sha256:85812b499412f4b6de58d9cd0a98385a523386f37f75f61d43dd680adb5efb79",
      "fixtureId": "docs__archive__evidence__wp02__lane-c__proposed__scripts__tests__test-gitops-behavioral_sh__L554__linktrend_app_token__assignment_secret"
    },
    {
      "kind": "approved_synthetic_fixture",
      "path": "docs/archive/evidence/wp02/lane-c/proposed/scripts/tests/test-gitops-behavioral.sh",
      "rule": "assignment.secret",
      "line": 569,
      "field": "linktrend_app_token",
      "digest": "sha256:8eadbfefdde6da2bbaabe0e9271e23acdeddd3ace964908f6ea963ff640ca2b9",
      "fixtureId": "docs__archive__evidence__wp02__lane-c__proposed__scripts__tests__test-gitops-behavioral_sh__L569__linktrend_app_token__assignment_secret"
    },
    {
      "kind": "approved_synthetic_fixture",
      "path": "docs/archive/evidence/wp02/lane-c/proposed/scripts/tests/test-gitops-behavioral.sh",
      "rule": "assignment.secret",
      "line": 576,
      "field": "github_token",
      "digest": "sha256:b69a5b816f83bc0aac50ee5442a523eb00ac1441fb1f4b30ad40b9446e4e1e7c",
      "fixtureId": "docs__archive__evidence__wp02__lane-c__proposed__scripts__tests__test-gitops-behavioral_sh__L576__github_token__assignment_secret"
    },
    {
      "kind": "approved_synthetic_fixture",
      "path": "docs/archive/evidence/wp02/lane-c/proposed/scripts/tests/test-gitops-behavioral.sh",
      "rule": "assignment.secret",
      "line": 576,
      "field": "gh_token",
      "digest": "sha256:b69a5b816f83bc0aac50ee5442a523eb00ac1441fb1f4b30ad40b9446e4e1e7c",
      "fixtureId": "docs__archive__evidence__wp02__lane-c__proposed__scripts__tests__test-gitops-behavioral_sh__L576__gh_token__assignment_secret"
    },
    {
      "kind": "approved_synthetic_fixture",
      "path": "docs/archive/evidence/wp02/lane-c/proposed/scripts/tests/test-gitops-behavioral.sh",
      "rule": "assignment.secret",
      "line": 670,
      "field": "secret",
      "digest": "sha256:7d93e6b529667f0ea6cbcb590bd07583a2b036926fc6f5a31848d5a2b201368b",
      "fixtureId": "docs__archive__evidence__wp02__lane-c__proposed__scripts__tests__test-gitops-behavioral_sh__L670__secret__assignment_secret"
    },
    {
      "kind": "approved_synthetic_fixture",
      "path": "docs/archive/evidence/wp02/lane-c/proposed/scripts/tests/test-gitops-behavioral.sh",
      "rule": "assignment.secret",
      "line": 671,
      "field": "automation_token",
      "digest": "sha256:e16295dd8c6a3eb6c8aa3a1a7dc7665d4344990fea83a33a9c467e90e5d99f1b",
      "fixtureId": "docs__archive__evidence__wp02__lane-c__proposed__scripts__tests__test-gitops-behavioral_sh__L671__automation_token__assignment_secret"
    },
    {
      "kind": "approved_synthetic_fixture",
      "path": "docs/archive/evidence/wp02/lane-c/proposed/scripts/tests/test-gitops-behavioral.sh",
      "rule": "assignment.secret",
      "line": 676,
      "field": "automation_token",
      "digest": "sha256:e16295dd8c6a3eb6c8aa3a1a7dc7665d4344990fea83a33a9c467e90e5d99f1b",
      "fixtureId": "docs__archive__evidence__wp02__lane-c__proposed__scripts__tests__test-gitops-behavioral_sh__L676__automation_token__assignment_secret"
    },
    {
      "kind": "approved_synthetic_fixture",
      "path": "docs/archive/evidence/wp02/lane-c/proposed/scripts/tests/test-gitops-behavioral.sh",
      "rule": "assignment.secret",
      "line": 680,
      "field": "automation_token",
      "digest": "sha256:d02a03aded514edc50bd77fe554e45a47eb9b64939a10065916fa3a4f4acbd4d",
      "fixtureId": "docs__archive__evidence__wp02__lane-c__proposed__scripts__tests__test-gitops-behavioral_sh__L680__automation_token__assignment_secret"
    },
    {
      "kind": "approved_synthetic_fixture",
      "path": "docs/archive/evidence/wp02/lane-c/proposed/scripts/tests/test-gitops-behavioral.sh",
      "rule": "assignment.secret",
      "line": 1035,
      "field": "token",
      "digest": "sha256:e2f16a9155a30cbcc51d094cb0f1d4587aecf1d5ca9839eec3cf603709611898",
      "fixtureId": "docs__archive__evidence__wp02__lane-c__proposed__scripts__tests__test-gitops-behavioral_sh__L1035__token__assignment_secret"
    },
    {
      "kind": "approved_synthetic_fixture",
      "path": "host/coordinator/tests/test_daemon.py",
      "rule": "assignment.secret",
      "line": 22,
      "field": "token",
      "digest": "sha256:c85698eda6e69301bde06a897bd2018c275b73c3ff39f570c91bdd882cf02897",
      "fixtureId": "host__coordinator__tests__test_daemon_py__L22__token__assignment_secret"
    },
    {
      "kind": "approved_synthetic_fixture",
      "path": "scripts/tests/test-gitops-behavioral.sh",
      "rule": "assignment.secret",
      "line": 583,
      "field": "linktrend_automation_token",
      "digest": "sha256:e75a08523ef4a08f7cb639064fb8763075ac52d7a0980d71fb7c88608ea17650",
      "fixtureId": "scripts__tests__test-gitops-behavioral_sh__L583__linktrend_automation_token__assignment_secret"
    },
    {
      "kind": "approved_synthetic_fixture",
      "path": "scripts/tests/test-gitops-behavioral.sh",
      "rule": "assignment.secret",
      "line": 595,
      "field": "github_token",
      "digest": "sha256:b69a5b816f83bc0aac50ee5442a523eb00ac1441fb1f4b30ad40b9446e4e1e7c",
      "fixtureId": "scripts__tests__test-gitops-behavioral_sh__L595__github_token__assignment_secret"
    },
    {
      "kind": "approved_synthetic_fixture",
      "path": "scripts/tests/test-gitops-behavioral.sh",
      "rule": "assignment.secret",
      "line": 595,
      "field": "gh_token",
      "digest": "sha256:b69a5b816f83bc0aac50ee5442a523eb00ac1441fb1f4b30ad40b9446e4e1e7c",
      "fixtureId": "scripts__tests__test-gitops-behavioral_sh__L595__gh_token__assignment_secret"
    },
    {
      "kind": "approved_synthetic_fixture",
      "path": "scripts/tests/test-gitops-behavioral.sh",
      "rule": "assignment.secret",
      "line": 689,
      "field": "secret",
      "digest": "sha256:7d93e6b529667f0ea6cbcb590bd07583a2b036926fc6f5a31848d5a2b201368b",
      "fixtureId": "scripts__tests__test-gitops-behavioral_sh__L689__secret__assignment_secret"
    },
    {
      "kind": "approved_synthetic_fixture",
      "path": "scripts/tests/test-gitops-behavioral.sh",
      "rule": "assignment.secret",
      "line": 690,
      "field": "automation_token",
      "digest": "sha256:e16295dd8c6a3eb6c8aa3a1a7dc7665d4344990fea83a33a9c467e90e5d99f1b",
      "fixtureId": "scripts__tests__test-gitops-behavioral_sh__L690__automation_token__assignment_secret"
    },
    {
      "kind": "approved_synthetic_fixture",
      "path": "scripts/tests/test-gitops-behavioral.sh",
      "rule": "assignment.secret",
      "line": 695,
      "field": "automation_token",
      "digest": "sha256:e16295dd8c6a3eb6c8aa3a1a7dc7665d4344990fea83a33a9c467e90e5d99f1b",
      "fixtureId": "scripts__tests__test-gitops-behavioral_sh__L695__automation_token__assignment_secret"
    },
    {
      "kind": "approved_synthetic_fixture",
      "path": "scripts/tests/test-gitops-behavioral.sh",
      "rule": "assignment.secret",
      "line": 699,
      "field": "automation_token",
      "digest": "sha256:d02a03aded514edc50bd77fe554e45a47eb9b64939a10065916fa3a4f4acbd4d",
      "fixtureId": "scripts__tests__test-gitops-behavioral_sh__L699__automation_token__assignment_secret"
    },
    {
      "kind": "approved_synthetic_fixture",
      "path": "scripts/tests/test-gitops-behavioral.sh",
      "rule": "assignment.secret",
      "line": 1099,
      "field": "token",
      "digest": "sha256:e2f16a9155a30cbcc51d094cb0f1d4587aecf1d5ca9839eec3cf603709611898",
      "fixtureId": "scripts__tests__test-gitops-behavioral_sh__L1099__token__assignment_secret"
    },
    {
      "kind": "approved_synthetic_fixture",
      "path": "scripts/tests/test-review-ready-publisher.sh",
      "rule": "assignment.secret",
      "line": 431,
      "field": "secret",
      "digest": "sha256:a3bd572c30e15da96e01deaafd88573aecb8d48f8e659d30f1d2bea3828a64d4",
      "fixtureId": "scripts__tests__test-review-ready-publisher_sh__L431__secret__assignment_secret"
    },
    {
      "kind": "approved_synthetic_fixture",
      "path": "scripts/tests/test_gate_receipts.py",
      "rule": "assignment.secret",
      "line": 154,
      "field": "linktrend_gitops_app_token",
      "digest": "sha256:0479daea9d4242ebc61308de8e8bac718c503f7e38467bf626e1686b3a9087c7",
      "fixtureId": "scripts__tests__test_gate_receipts_py__L154__linktrend_gitops_app_token__assignment_secret"
    },
    {
      "kind": "approved_synthetic_fixture",
      "path": "scripts/tests/test_managed_core_release_publish.py",
      "rule": "assignment.secret",
      "line": 40,
      "field": "token",
      "digest": "sha256:81b8c6aa3af88e8b188943a1555ccb02c41bd3fb0aa33a6a4e63e0acc83661cc",
      "fixtureId": "scripts__tests__test_managed_core_release_publish_py__L40__token__assignment_secret"
    },
    {
      "kind": "approved_synthetic_fixture",
      "path": "scripts/tests/test_managed_core_release_publish.py",
      "rule": "assignment.secret",
      "line": 48,
      "field": "gh_token",
      "digest": "sha256:81b8c6aa3af88e8b188943a1555ccb02c41bd3fb0aa33a6a4e63e0acc83661cc",
      "fixtureId": "scripts__tests__test_managed_core_release_publish_py__L48__gh_token__assignment_secret"
    },
    {
      "kind": "approved_synthetic_fixture",
      "path": "scripts/tests/test_managed_core_release_publish.py",
      "rule": "assignment.secret",
      "line": 49,
      "field": "linktrend_automation_token",
      "digest": "sha256:e95eb6857d4ed6cd77755ad290c3ef2ce961ca873d3d79419f89a33556a4bf42",
      "fixtureId": "scripts__tests__test_managed_core_release_publish_py__L49__linktrend_automation_token__assignment_secret"
    },
    {
      "kind": "approved_synthetic_fixture",
      "path": "scripts/tests/test_managed_core_release_publish.py",
      "rule": "assignment.secret",
      "line": 57,
      "field": "token",
      "digest": "sha256:81b8c6aa3af88e8b188943a1555ccb02c41bd3fb0aa33a6a4e63e0acc83661cc",
      "fixtureId": "scripts__tests__test_managed_core_release_publish_py__L57__token__assignment_secret"
    },
    {
      "kind": "approved_synthetic_fixture",
      "path": "scripts/tests/test_phase_packager_coordinator.py",
      "rule": "assignment.secret",
      "line": 434,
      "field": "automation_token",
      "digest": "sha256:8da37d76b1e760be8ad8f8b689ce950f71605de3ca48dffbc9fe277441864cc7",
      "fixtureId": "scripts__tests__test_phase_packager_coordinator_py__L434__automation_token__assignment_secret"
    },
    {
      "kind": "approved_synthetic_fixture",
      "path": "scripts/tests/test_phase_packager_coordinator.py",
      "rule": "assignment.secret",
      "line": 435,
      "field": "user_token",
      "digest": "sha256:77cc2cd54f527d78b9e87f0d319284e99f81a60e7a12e8f1ea11ee351fc94aa6",
      "fixtureId": "scripts__tests__test_phase_packager_coordinator_py__L435__user_token__assignment_secret"
    }
  ]
}
exit:0
